// Jest Snapshot v1, https://goo.gl/fbAQLP

exports[`ArticleList should render correctly 1`] = `
ShallowWrapper {
  "length": 1,
  Symbol(enzyme.__root__): [Circular],
  Symbol(enzyme.__unrendered__): <ArticleList
    articles={
      Object {
        "articleA": Object {
          "id": "articleA",
        },
        "articleB": Object {
          "id": "articleB",
        },
      }
    }
  />,
  Symbol(enzyme.__renderer__): Object {
    "batchedUpdates": [Function],
    "getNode": [Function],
    "render": [Function],
    "simulateEvent": [Function],
    "unmount": [Function],
  },
  Symbol(enzyme.__node__): Object {
    "instance": null,
    "key": undefined,
    "nodeType": "function",
    "props": Object {
      "children": Array [
        <Article
          article={
            Object {
              "id": "articleA",
            }
          }
        />,
        <Article
          article={
            Object {
              "id": "articleB",
            }
          }
        />,
      ],
    },
    "ref": null,
    "rendered": Array [
      Object {
        "instance": null,
        "key": "articleA",
        "nodeType": "function",
        "props": Object {
          "article": Object {
            "id": "articleA",
          },
        },
        "ref": null,
        "rendered": null,
        "type": [Function],
      },
      Object {
        "instance": null,
        "key": "articleB",
        "nodeType": "function",
        "props": Object {
          "article": Object {
            "id": "articleB",
          },
        },
        "ref": null,
        "rendered": null,
        "type": [Function],
      },
    ],
    "type": Symbol(react.fragment),
  },
  Symbol(enzyme.__nodes__): Array [
    Object {
      "instance": null,
      "key": undefined,
      "nodeType": "function",
      "props": Object {
        "children": Array [
          <Article
            article={
              Object {
                "id": "articleA",
              }
            }
          />,
          <Article
            article={
              Object {
                "id": "articleB",
              }
            }
          />,
        ],
      },
      "ref": null,
      "rendered": Array [
        Object {
          "instance": null,
          "key": "articleA",
          "nodeType": "function",
          "props": Object {
            "article": Object {
              "id": "articleA",
            },
          },
          "ref": null,
          "rendered": null,
          "type": [Function],
        },
        Object {
          "instance": null,
          "key": "articleB",
          "nodeType": "function",
          "props": Object {
            "article": Object {
              "id": "articleB",
            },
          },
          "ref": null,
          "rendered": null,
          "type": [Function],
        },
      ],
      "type": Symbol(react.fragment),
    },
  ],
  Symbol(enzyme.__options__): Object {
    "adapter": ReactSixteenAdapter {
      "options": Object {
        "enableComponentDidUpdateOnSetState": true,
      },
    },
  },
}
`;
